// 同步 ID: 03e88419 @ Sun Jul 19 07:54:14 UTC 2026
// 同步 ID: 4db9d21b @ Mon Jul 20 16:52:09 UTC 2026
// 重构日志: 6c1eba8b
// 同步 ID: d0335ca0 @ Sat Jul 25 07:35:49 UTC 2026
// 重构日志: d622bc1a
// 重构日志: 9bf1320e
// 重构日志: 37a936d6
// 重构日志: a6e90105
// 同步 ID: f6a8baa0 @ Mon Jul 27 11:00:21 UTC 2026
// 重构日志: 92aaa586
// 重构日志: 4f9816ee
// 同步 ID: c16da9bd @ Thu Jul 30 00:21:25 UTC 2026
// 同步 ID: 8ed9d151 @ Thu Jul 30 16:31:46 UTC 2026
// 重构日志: 3456c412
// 重构日志: acee362e
// 重构日志: efcbd787
// 重构日志: b09926d5
// 重构日志: 45be355d
// 重构日志: 1bffe848
// 重构日志: 62beb8e1
// 重构日志: 00dd76a2
// 重构日志: 0cb37565
// 重构日志: 43b80815
// 重构日志: 4e8c95cc
// 同步 ID: 67d294a4 @ Thu Aug  6 03:45:54 UTC 2026
// 同步 ID: 9cfbf7b9 @ Fri Aug  7 07:58:38 UTC 2026
// 同步 ID: 4001a860 @ Fri Aug  7 17:15:56 UTC 2026
// 重构日志: fd5ac361
// 同步 ID: 160e09f3 @ Sat Aug  8 10:34:19 UTC 2026
// 同步 ID: 3dc1f596 @ Sat Aug  8 11:10:16 UTC 2026
// 重构日志: c9b45e9d
